{"time": 1791473145, "event": "transaction_plan", "id": "canary:deploy:dependencies", "label": "deploy:dependencies", "to": null, "gas": 2536503, "maximumCost": 4383077219511042, "live": true}
{"time": 1791473145, "event": "confirmed", "id": "canary:deploy:dependencies", "txHash": "0x45f2e3596a41c7c10c5162ad93bcd13e6e015cb942de84d23d76c8d65b2281d7", "block": 11866999}
{"time": 1791473146, "event": "transaction_plan", "id": "canary:deploy:router", "label": "deploy:router", "to": null, "gas": 2373387, "maximumCost": 4921455323547579, "live": true}
{"time": 1791473146, "event": "confirmed", "id": "canary:deploy:router", "txHash": "0x573e393de3a6e532de7c0d0301e45aeca89f000fd49ac62f22e04b8ba3cc9baf", "block": 11867000}
{"time": 1791473147, "event": "transaction_plan", "id": "canary:deploy:factory", "label": "deploy:factory", "to": null, "gas": 4458347, "maximumCost": 11093794100665287, "live": true}
{"time": 1791473147, "event": "confirmed", "id": "canary:deploy:factory", "txHash": "0x5cbb58103f4e69bae57e1e4f1bbe94d3e208611201d6cbcc82d5c750a726abe3", "block": 11867001}
{"time": 1791473148, "event": "transaction_plan", "id": "canary:deploy:lottery", "label": "deploy:lottery", "to": null, "gas": 6176557, "maximumCost": 18443100537678482, "live": true}
{"time": 1791473148, "event": "confirmed", "id": "canary:deploy:lottery", "txHash": "0x32d63ffa1859cebf18c4a547934122867f2365555bb27abb73debb60f676a19f", "block": 11867002}
{"time": 1791473149, "event": "transaction_plan", "id": "canary:bind-factory", "label": "bind-factory", "to": "0x300A0CfAAE155F396a2eC4A0BA82D7d1879A98E9", "gas": 67812, "maximumCost": 242982658579584, "live": true}
{"time": 1791473149, "event": "confirmed", "id": "canary:bind-factory", "txHash": "0xc1a218dfddc8824eedc66422c7758078d080a3623ebeb1d4fb366d1cd55d6564", "block": 11867003}
{"time": 1791473150, "event": "transaction_plan", "id": "canary:bind-router", "label": "bind-router", "to": "0x300A0CfAAE155F396a2eC4A0BA82D7d1879A98E9", "gas": 235913, "maximumCost": 1014382727685087, "live": true}
{"time": 1791473150, "event": "confirmed", "id": "canary:bind-router", "txHash": "0x13ba1666b0e6bb919f1370313a37adbef0f488c88e101144d55222437a4dff78", "block": 11867004}
{"time": 1791473153, "event": "transaction_plan", "id": "canary:create-subscription", "label": "create-subscription", "to": "0x9DdfaCa8183c41ad55329BdeeD9F6A8d53168B1B", "gas": 137230, "maximumCost": 164676001235070, "live": true}
{"time": 1791473154, "event": "confirmed", "id": "canary:create-subscription", "txHash": "0xea58058bb119dcef3af0104467def72fc78e085be96a564794bbf29205a029b6", "block": 11867006}
{"time": 1791473156, "event": "transaction_plan", "id": "canary:register-consumer", "label": "register-consumer", "to": "0x9DdfaCa8183c41ad55329BdeeD9F6A8d53168B1B", "gas": 118983, "maximumCost": 142779601070847, "live": true}
{"time": 1791473156, "event": "confirmed", "id": "canary:register-consumer", "txHash": "0xe2b5260928849cd787f0d46d4b591d725b2bf6342d360b6e72b5bfe698ea90e0", "block": 11867008}
{"time": 1791473157, "event": "transaction_plan", "id": "canary:initial-native-funding", "label": "initial-native-funding", "to": "0x9DdfaCa8183c41ad55329BdeeD9F6A8d53168B1B", "gas": 70082, "maximumCost": 1000084098400630738, "live": true}
{"time": 1791473157, "event": "confirmed", "id": "canary:initial-native-funding", "txHash": "0x5e50f230e82b08dcc7523da5680d714604ce0c8156b97fc7346cc5e882ac1269", "block": 11867010}
{"time": 1791473158, "event": "transaction_plan", "id": "canary:rules:0", "label": "rules:0", "to": "0x300A0CfAAE155F396a2eC4A0BA82D7d1879A98E9", "gas": 243627, "maximumCost": 292352402192643, "live": true}
{"time": 1791473158, "event": "confirmed", "id": "canary:rules:0", "txHash": "0x7217764b0a292fd14c8ddcb164616b41f7778d2a889c199a861bc6def37a21a8", "block": 11867012}
{"time": 1791473159, "event": "transaction_plan", "id": "canary:rules:1", "label": "rules:1", "to": "0x300A0CfAAE155F396a2eC4A0BA82D7d1879A98E9", "gas": 243642, "maximumCost": 292370402192778, "live": true}
{"time": 1791473159, "event": "confirmed", "id": "canary:rules:1", "txHash": "0xe6e76b2677ee5897c83a107b03de3cb45bf0be1be86d5a516f243f67ba6fdf78", "block": 11867014}
{"time": 1791473160, "event": "transaction_plan", "id": "canary:randomness", "label": "randomness", "to": "0x300A0CfAAE155F396a2eC4A0BA82D7d1879A98E9", "gas": 128719, "maximumCost": 154462801158471, "live": true}
{"time": 1791473160, "event": "confirmed", "id": "canary:randomness", "txHash": "0xef6c89adc927ac593c18bf74587d2dbec6b86140a86d30429f44cec020f06eb2", "block": 11867016}
{"time": 1791473160, "event": "transaction_plan", "id": "canary:reserve", "label": "reserve", "to": "0x300A0CfAAE155F396a2eC4A0BA82D7d1879A98E9", "gas": 65734, "maximumCost": 78880800591606, "live": true}
{"time": 1791473161, "event": "confirmed", "id": "canary:reserve", "txHash": "0xad1ba1b5e1f9280c98bb6f27e2e659b84d07dd93ef5455a74515c69de1404967", "block": 11867018}
{"time": 1791473161, "event": "transaction_plan", "id": "canary:validate", "label": "validate", "to": "0x300A0CfAAE155F396a2eC4A0BA82D7d1879A98E9", "gas": 176688, "maximumCost": 212025601590192, "live": true}
{"time": 1791473161, "event": "confirmed", "id": "canary:validate", "txHash": "0xb33b77e6708d3d279126c8c05af7e0233f186e693018ce9c79c0476447232f96", "block": 11867020}
{"time": 1791473163, "event": "transaction_plan", "id": "keeper:11867020:open:0:1:f5183c1d7762b5e0", "label": "open:0:1", "to": "0x1a86548a5a051df4c2cc43fafb9a6b6b070fe467", "gas": 4109189, "maximumCost": 5917232205201079, "live": true}
{"time": 1791473163, "event": "confirmed", "id": "keeper:11867020:open:0:1:f5183c1d7762b5e0", "txHash": "0xd117add5263c33a8a149dcbb7638c502b76b61d1c1cf8bcb83dcdcf25ef9c65d", "block": 11867021}
{"time": 1791473166, "event": "transaction_plan", "id": "keeper:11867022:open:1:1:5a7f40f06945dc19", "label": "open:1:1", "to": "0x1a86548a5a051df4c2cc43fafb9a6b6b070fe467", "gas": 4109204, "maximumCost": 4931044836982836, "live": true}
{"time": 1791473166, "event": "confirmed", "id": "keeper:11867022:open:1:1:5a7f40f06945dc19", "txHash": "0xa59de0524b87d47320e6a4378b60f348dac27ea890a9f096f21ba1625d551e92", "block": 11867023}
{"time": 1791473167, "event": "transaction_plan", "id": "canary:smoke-buy:0", "label": "smoke-buy:0", "to": "0x300A0CfAAE155F396a2eC4A0BA82D7d1879A98E9", "gas": 445339, "maximumCost": 534406804010051, "live": true}
{"time": 1791473167, "event": "confirmed", "id": "canary:smoke-buy:0", "txHash": "0x4e3519f0c05079fe2b8d83ef36ab4d5264df770f4c69b5abb1f282743b4eb90e", "block": 11867025}
{"time": 1791473168, "event": "transaction_plan", "id": "canary:smoke-buy:1", "label": "smoke-buy:1", "to": "0x300A0CfAAE155F396a2eC4A0BA82D7d1879A98E9", "gas": 423639, "maximumCost": 508366803814751, "live": true}
{"time": 1791473168, "event": "confirmed", "id": "canary:smoke-buy:1", "txHash": "0x0af9296c7183ec8dd76c1f01f1b02973e5f3332a0c5ff6ef924b2f3f75866a2a", "block": 11867027}
{"time": 1791473170, "event": "transaction_plan", "id": "keeper:11867027:acquire:0x6048943Cdb61f4DA35CD18ad3FdDc45132b11D15:f4c36df329c54430", "label": "acquire:0x6048943Cdb61f4DA35CD18ad3FdDc45132b11D15", "to": "0x6048943Cdb61f4DA35CD18ad3FdDc45132b11D15", "gas": 486485, "maximumCost": 700538405351335, "live": true}
{"time": 1791473171, "event": "confirmed", "id": "keeper:11867027:acquire:0x6048943Cdb61f4DA35CD18ad3FdDc45132b11D15:f4c36df329c54430", "txHash": "0x58d36d814bb6ecb63d5cc32687ed90d4b4b54951ff65044e71652ff92947848d", "block": 11867028}
{"time": 1791473173, "event": "transaction_plan", "id": "keeper:11867029:process:0x6048943Cdb61f4DA35CD18ad3FdDc45132b11D15:21b923e55a45cbe0", "label": "process:0x6048943Cdb61f4DA35CD18ad3FdDc45132b11D15", "to": "0x6048943Cdb61f4DA35CD18ad3FdDc45132b11D15", "gas": 62902, "maximumCost": 75482400566118, "live": true}
{"time": 1791473173, "event": "confirmed", "id": "keeper:11867029:process:0x6048943Cdb61f4DA35CD18ad3FdDc45132b11D15:21b923e55a45cbe0", "txHash": "0xe3165d8343df6d2d42e0cb0829ed42b596259d5b670ef7de69e0c1fca4b2d1e3", "block": 11867030}
{"time": 1791473175, "event": "transaction_plan", "id": "keeper:11867031:acquire:0xE7ef382792Cf6e93adca3fbc023c929B6FE0608b:204fb006b3e7d1c4", "label": "acquire:0xE7ef382792Cf6e93adca3fbc023c929B6FE0608b", "to": "0xE7ef382792Cf6e93adca3fbc023c929B6FE0608b", "gas": 465110, "maximumCost": 558132004185990, "live": true}
{"time": 1791473176, "event": "confirmed", "id": "keeper:11867031:acquire:0xE7ef382792Cf6e93adca3fbc023c929B6FE0608b:204fb006b3e7d1c4", "txHash": "0xb2ac5952de1d50575c819f042dfdf705fc00b3548d6aefebc82872b9d832db16", "block": 11867032}
{"time": 1791473178, "event": "transaction_plan", "id": "keeper:11867033:process:0xE7ef382792Cf6e93adca3fbc023c929B6FE0608b:21b923e55a45cbe0", "label": "process:0xE7ef382792Cf6e93adca3fbc023c929B6FE0608b", "to": "0xE7ef382792Cf6e93adca3fbc023c929B6FE0608b", "gas": 62902, "maximumCost": 75482400566118, "live": true}
{"time": 1791473179, "event": "confirmed", "id": "keeper:11867033:process:0xE7ef382792Cf6e93adca3fbc023c929B6FE0608b:21b923e55a45cbe0", "txHash": "0x59b8fdb21873afeab09721c6be5772ed54a6832bb4e194b998d5a03eb536be04", "block": 11867034}
{"time": 1791473180, "event": "transaction_plan", "id": "canary:smoke-allocate:0", "label": "smoke-allocate:0", "to": "0xa8e433cCaEd70d00bA0bC7029bc62679Aa001BA1", "gas": 304989, "maximumCost": 365986802744901, "live": true}
{"time": 1791473180, "event": "confirmed", "id": "canary:smoke-allocate:0", "txHash": "0x4950fa559226bf6fcd21ae733c57119cfd66d5867381ac31d4bc47fa2da8dc07", "block": 11867036}
{"time": 1791473181, "event": "transaction_plan", "id": "canary:smoke-allocate:1", "label": "smoke-allocate:1", "to": "0xa8e433cCaEd70d00bA0bC7029bc62679Aa001BA1", "gas": 304989, "maximumCost": 365986802744901, "live": true}
{"time": 1791473181, "event": "confirmed", "id": "canary:smoke-allocate:1", "txHash": "0x27c84d412707027447cc883cd22563b327e73b11e75eb73083367954feab18cb", "block": 11867038}
{"time": 1791473184, "event": "transaction_plan", "id": "keeper:11867039:settle:0x6048943Cdb61f4DA35CD18ad3FdDc45132b11D15:1:b869152620531356", "label": "settle:0x6048943Cdb61f4DA35CD18ad3FdDc45132b11D15:1", "to": "0x6048943Cdb61f4DA35CD18ad3FdDc45132b11D15", "gas": 154294, "maximumCost": 185152801388646, "live": true}
{"time": 1791473184, "event": "confirmed", "id": "keeper:11867039:settle:0x6048943Cdb61f4DA35CD18ad3FdDc45132b11D15:1:b869152620531356", "txHash": "0xc69fcff5517c40e25395c712a68f4d3795a2002624c237d3b726facf13bc8097", "block": 11867040}
{"time": 1791473187, "event": "transaction_plan", "id": "keeper:11867041:settle:0xE7ef382792Cf6e93adca3fbc023c929B6FE0608b:2:1d27909d2d4136dc", "label": "settle:0xE7ef382792Cf6e93adca3fbc023c929B6FE0608b:2", "to": "0xE7ef382792Cf6e93adca3fbc023c929B6FE0608b", "gas": 459439, "maximumCost": 551326804134951, "live": true}
{"time": 1791473187, "event": "confirmed", "id": "keeper:11867041:settle:0xE7ef382792Cf6e93adca3fbc023c929B6FE0608b:2:1d27909d2d4136dc", "txHash": "0x7030f8c8c297e29be40fa5bf9fb16083c65e541519ffb216cc60c5e30926425b", "block": 11867042}
{"time": 1791473189, "event": "transaction_plan", "id": "keeper:11867043:sync:0x6048943Cdb61f4DA35CD18ad3FdDc45132b11D15:b3d8d65e640c9029", "label": "sync:0x6048943Cdb61f4DA35CD18ad3FdDc45132b11D15", "to": "0x6048943Cdb61f4DA35CD18ad3FdDc45132b11D15", "gas": 150294, "maximumCost": 180352801352646, "live": true}
{"time": 1791473189, "event": "confirmed", "id": "keeper:11867043:sync:0x6048943Cdb61f4DA35CD18ad3FdDc45132b11D15:b3d8d65e640c9029", "txHash": "0xc407cf0dbc475583fa61097ce7b7ae1a18891dbfe21c08441d305561f81477c0", "block": 11867044}
{"time": 1791473191, "event": "idle", "candidates": 0, "block": 11867044}
{"time": 1791473193, "event": "transaction_plan", "id": "keeper:11867045:close:0:1:4dc2d8006ad4a858", "label": "close:0:1", "to": "0x1a86548a5a051df4c2cc43fafb9a6b6b070fe467", "gas": 41357, "maximumCost": 49628400372213, "live": true}
{"time": 1791473193, "event": "confirmed", "id": "keeper:11867045:close:0:1:4dc2d8006ad4a858", "txHash": "0xcdc87853d04358384f9a3565ced774d26b791f39cef3b34d7661147941063c95", "block": 11867046}
{"time": 1791473195, "event": "transaction_plan", "id": "keeper:11867046:close:1:1:ae9e23c192f3aac5", "label": "close:1:1", "to": "0x1a86548a5a051df4c2cc43fafb9a6b6b070fe467", "gas": 41372, "maximumCost": 59575680455092, "live": true}
{"time": 1791473195, "event": "confirmed", "id": "keeper:11867046:close:1:1:ae9e23c192f3aac5", "txHash": "0x260afad3ebd733a5e79a0d8845548dcde7bf7d2c76069e1b6ce3d3396f7fe0e2", "block": 11867047}
{"time": 1791473198, "event": "transaction_plan", "id": "keeper:11867047:requestDraw:0:1:25454223d06bc076", "label": "requestDraw:0:1", "to": "0x1a86548a5a051df4c2cc43fafb9a6b6b070fe467", "gas": 367942, "maximumCost": 635803781151188, "live": true}
{"time": 1791473198, "event": "confirmed", "id": "keeper:11867047:requestDraw:0:1:25454223d06bc076", "txHash": "0x577fb8d48662e31564daaeab9f1b77a88cac064e80a2cba96db09a9ef5c9062f", "block": 11867048}
{"time": 1791473201, "event": "transaction_plan", "id": "keeper:11867049:requestDraw:1:1:94f6dc5b4f9015a8", "label": "requestDraw:1:1", "to": "0x1a86548a5a051df4c2cc43fafb9a6b6b070fe467", "gas": 463445, "maximumCost": 556134004171005, "live": true}
{"time": 1791473202, "event": "confirmed", "id": "keeper:11867049:requestDraw:1:1:94f6dc5b4f9015a8", "txHash": "0x1f34f369e260acde458d46be789b77d84d7657b7854d73d10ec96db0efc404b7", "block": 11867050}
{"time": 1791473204, "event": "vrf_delayed", "game": 0, "round": 1, "request": 24131834394778259702845628789061819419526722858282688544770126188908131570479, "action": "monitor original request; never replace"}
{"time": 1791473204, "event": "vrf_delayed", "game": 1, "round": 1, "request": 36693977675345734527194903581726856982352097655677381210155508934789356997980, "action": "monitor original request; never replace"}
{"time": 1791473204, "event": "idle", "candidates": 0, "block": 11867052}
{"time": 1791473209, "event": "transaction_plan", "id": "keeper:11867056:finalize:0:1:21922ac0bf830d5b", "label": "finalize:0:1", "to": "0x1a86548a5a051df4c2cc43fafb9a6b6b070fe467", "gas": 337227, "maximumCost": 404672403035043, "live": true}
{"time": 1791473209, "event": "confirmed", "id": "keeper:11867056:finalize:0:1:21922ac0bf830d5b", "txHash": "0x9c87779d6132031ae689daa7209fc427224805edd6fc3aca300c568fb766e3d9", "block": 11867057}
{"time": 1791473212, "event": "transaction_plan", "id": "keeper:11867058:finalize:1:1:c113518cc7ef665c", "label": "finalize:1:1", "to": "0x1a86548a5a051df4c2cc43fafb9a6b6b070fe467", "gas": 175337, "maximumCost": 210404401578033, "live": true}
{"time": 1791473212, "event": "confirmed", "id": "keeper:11867058:finalize:1:1:c113518cc7ef665c", "txHash": "0x9975d0b5cc6887fca80e9fe501e8d87ba4165ed7f48558d998b03f031306ff17", "block": 11867059}
{"time": 1791473214, "event": "transaction_plan", "id": "keeper:11867060:requestTieBreak:1:1:411accdc29d67b56", "label": "requestTieBreak:1:1", "to": "0x1a86548a5a051df4c2cc43fafb9a6b6b070fe467", "gas": 258690, "maximumCost": 310428002328210, "live": true}
{"time": 1791473214, "event": "confirmed", "id": "keeper:11867060:requestTieBreak:1:1:411accdc29d67b56", "txHash": "0x983b0c7eacadfe32f7fdee8a6f551db5b3da23c30b961ce2ed3876ab32054d9b", "block": 11867061}
{"time": 1791473216, "event": "vrf_delayed", "game": 1, "round": 1, "request": 81078319990522030216793870471496539280616124429064857942692401490114681977085, "action": "monitor original request; never replace"}
{"time": 1791473216, "event": "idle", "candidates": 0, "block": 11867061}
{"time": 1791473218, "event": "transaction_plan", "id": "keeper:11867063:finalizeTieBreak:1:1:9a748c2c155da4ad", "label": "finalizeTieBreak:1:1", "to": "0x1a86548a5a051df4c2cc43fafb9a6b6b070fe467", "gas": 255074, "maximumCost": 306088802295666, "live": true}
{"time": 1791473218, "event": "confirmed", "id": "keeper:11867063:finalizeTieBreak:1:1:9a748c2c155da4ad", "txHash": "0x4419bc558e1bafd8013c569b905040724eeef6cfec0de0be971ade8a16aa0a86", "block": 11867064}
{"time": 1791473219, "event": "transaction_plan", "id": "canary:smoke-claim-eth:0", "label": "smoke-claim-eth:0", "to": "0x300A0CfAAE155F396a2eC4A0BA82D7d1879A98E9", "gas": 167544, "maximumCost": 241263361842984, "live": true}
{"time": 1791473219, "event": "confirmed", "id": "canary:smoke-claim-eth:0", "txHash": "0x4222fb7db6ff67abdff61a44cfcd652bc1d7f017e7bc558996da15e4a459dd2d", "block": 11867065}
{"time": 1791473220, "event": "transaction_plan", "id": "canary:smoke-claim-eth:1", "label": "smoke-claim-eth:1", "to": "0x300A0CfAAE155F396a2eC4A0BA82D7d1879A98E9", "gas": 136257, "maximumCost": 163508401226313, "live": true}
{"time": 1791473220, "event": "confirmed", "id": "canary:smoke-claim-eth:1", "txHash": "0x653d59260c3358bd612b2bc1f1163dde40801ba4c8d1b0e22d1354856778820f", "block": 11867067}
{"time": 1791473220, "event": "transaction_plan", "id": "canary:smoke-claim-nft", "label": "smoke-claim-nft", "to": "0x300A0CfAAE155F396a2eC4A0BA82D7d1879A98E9", "gas": 142954, "maximumCost": 171544801286586, "live": true}
{"time": 1791473221, "event": "confirmed", "id": "canary:smoke-claim-nft", "txHash": "0xcb8021299453d79e41590707f9e8559f93e0f538d6d50f0f146cfdf788a25861", "block": 11867069}
{"status": "PASS", "mode": "LOCAL_SEPOLIA_FORK_SIMULATION", "checks": ["permissionless keeper opened both games", "bounded acquisitions and urgent FWA settlement completed before deadline", "restart and two-hour delayed callbacks retained accepted draw IDs", "independent NFT tie request persisted and finalized only after its own callback", "both ETH claims and winning NFT custody verified; no keeper ownership"], "evidence": "/tmp/sorphera-keeper-smoke.json", "liveVRF": "NOT RUN"}
